[INFO] Scanning for projects...
[WARNING] 
[WARNING] Some problems were encountered while building the effective model for SpringMvcFirstCrudApp:SpringMvcFirstCrudApp:war:0.0.1-SNAPSHOT
[WARNING] 'dependencies.dependency.(groupId:artifactId:type:classifier)' must be unique: javax.servlet:jstl:jar -> duplicate declaration of version 1.2 @ line 42, column 17
[WARNING] 
[WARNING] It is highly recommended to fix these problems because they threaten the stability of your build.
[WARNING] 
[WARNING] For this reason, future Maven versions might no longer support building such malformed projects.
[WARNING] 
[INFO] 
[INFO] ------------< SpringMvcFirstCrudApp:SpringMvcFirstCrudApp >-------------
[INFO] Building SpringMvcFirstCrudApp 0.0.1-SNAPSHOT
[INFO]   from pom.xml
[INFO] --------------------------------[ war ]---------------------------------
[WARNING] The artifact mysql:mysql-connector-java:jar:8.0.33 has been relocated to com.mysql:mysql-connector-j:jar:8.0.33: MySQL Connector/J artifacts moved to reverse-DNS compliant Maven 2+ coordinates.
[INFO] 
[INFO] --- clean:3.2.0:clean (default-clean) @ SpringMvcFirstCrudApp ---
[INFO] Deleting D:\Spring-project\SpringMvcFirstCrudApp\target
[INFO] 
[INFO] --- resources:3.3.1:resources (default-resources) @ SpringMvcFirstCrudApp ---
[WARNING] Using platform encoding (UTF-8 actually) to copy filtered resources, i.e. build is platform dependent!
[INFO] Copying 0 resource from src\main\resources to target\classes
[INFO] 
[INFO] --- compiler:3.8.1:compile (default-compile) @ SpringMvcFirstCrudApp ---
[INFO] Changes detected - recompiling the module!
[WARNING] File encoding has not been set, using platform encoding UTF-8, i.e. build is platform dependent!
[INFO] Compiling 20 source files to D:\Spring-project\SpringMvcFirstCrudApp\target\classes
[INFO] /D:/Spring-project/SpringMvcFirstCrudApp/src/main/java/sahildhamande/repository/RepositoryImple.java: D:\Spring-project\SpringMvcFirstCrudApp\src\main\java\sahildhamande\repository\RepositoryImple.java uses or overrides a deprecated API.
[INFO] /D:/Spring-project/SpringMvcFirstCrudApp/src/main/java/sahildhamande/repository/RepositoryImple.java: Recompile with -Xlint:deprecation for details.
[INFO] 
[INFO] --- resources:3.3.1:testResources (default-testResources) @ SpringMvcFirstCrudApp ---
[WARNING] Using platform encoding (UTF-8 actually) to copy filtered resources, i.e. build is platform dependent!
[INFO] Copying 0 resource from src\test\resources to target\test-classes
[INFO] 
[INFO] --- compiler:3.8.1:testCompile (default-testCompile) @ SpringMvcFirstCrudApp ---
[INFO] Changes detected - recompiling the module!
[WARNING] File encoding has not been set, using platform encoding UTF-8, i.e. build is platform dependent!
[INFO] 
[INFO] --- surefire:3.2.2:test (default-test) @ SpringMvcFirstCrudApp ---
[INFO] Tests are skipped.
[INFO] 
[INFO] --- war:3.2.3:war (default-war) @ SpringMvcFirstCrudApp ---
[INFO] Packaging webapp
[INFO] Assembling webapp [SpringMvcFirstCrudApp] in [D:\Spring-project\SpringMvcFirstCrudApp\target\SpringMvcFirstCrudApp-0.0.1-SNAPSHOT]
[INFO] Processing war project
[INFO] Copying webapp resources [D:\Spring-project\SpringMvcFirstCrudApp\src\main\webapp]
[INFO] Webapp assembled in [1749 msecs]
[INFO] Building war: D:\Spring-project\SpringMvcFirstCrudApp\target\SpringMvcFirstCrudApp-0.0.1-SNAPSHOT.war
[INFO] ------------------------------------------------------------------------
[INFO] BUILD SUCCESS
[INFO] ------------------------------------------------------------------------
[INFO] Total time:  29.031 s
[INFO] Finished at: 2026-06-19T19:04:34+05:30
[INFO] ------------------------------------------------------------------------
